// Jest Snapshot v1, https://goo.gl/fbAQLP

exports[`test simple example production case should result snapshot is valid 1`] = `
Object {
  "optimizeGraphNodeData": Object {
    "edges": Array [
      Object {
        "source": "N0",
        "target": "N1",
      },
      Object {
        "source": "N1",
        "target": "N2",
      },
      Object {
        "source": "N2",
        "target": "N3",
      },
      Object {
        "source": "N1",
        "target": "N4",
      },
      Object {
        "source": "N4",
        "target": "N5",
      },
    ],
    "nodes": Array [
      Object {
        "id": "N0",
        "label": "root",
        "meta": Object {
          "type": "root",
        },
      },
      Object {
        "id": "N1",
        "label": "index.js",
        "meta": Object {
          "chunks": Array [
            0,
          ],
          "depList": Array [
            Object {
              "request": "F:\\\\project\\\\webpackModuleGraphPlugin\\\\example\\\\simple\\\\b.js",
              "type": "external",
            },
            Object {
              "request": "F:\\\\project\\\\webpackModuleGraphPlugin\\\\example\\\\simple\\\\a.js",
              "type": "concatenated",
            },
            Object {
              "request": "F:\\\\project\\\\webpackModuleGraphPlugin\\\\example\\\\simple\\\\index.js",
              "type": "concatenated",
            },
          ],
          "request": "F:\\\\project\\\\webpackModuleGraphPlugin\\\\example\\\\simple\\\\index.js",
          "type": "ConcatenatedModule",
        },
      },
      Object {
        "id": "N2",
        "label": "b.js",
        "meta": Object {
          "chunks": Array [
            0,
          ],
          "request": "F:\\\\project\\\\webpackModuleGraphPlugin\\\\example\\\\simple\\\\b.js",
          "type": "NormalModule",
        },
      },
      Object {
        "id": "N3",
        "label": "d.js",
        "meta": Object {
          "chunks": Array [
            0,
          ],
          "request": "F:\\\\project\\\\webpackModuleGraphPlugin\\\\example\\\\simple\\\\d.js",
          "type": "NormalModule",
        },
      },
      Object {
        "id": "N4",
        "label": "c",
        "meta": Object {
          "chunks": Array [
            1,
          ],
          "request": "./c",
          "type": "ImportDependenciesBlock",
        },
      },
      Object {
        "id": "N5",
        "label": "c.js",
        "meta": Object {
          "chunks": Array [
            1,
          ],
          "request": "F:\\\\project\\\\webpackModuleGraphPlugin\\\\example\\\\simple\\\\c.js",
          "type": "NormalModule",
        },
      },
    ],
  },
  "optimizeTreeNodeData": Object {
    "children": Array [
      Object {
        "children": Array [
          Object {
            "children": Array [
              Object {
                "children": Array [],
                "collapsed": false,
                "id": "N3",
                "label": "d.js",
                "meta": Object {
                  "chunks": Array [
                    0,
                  ],
                  "request": "F:\\\\project\\\\webpackModuleGraphPlugin\\\\example\\\\simple\\\\d.js",
                  "type": "NormalModule",
                },
                "parentNode": null,
                "repeatNodes": Array [],
              },
            ],
            "collapsed": false,
            "id": "N2",
            "label": "b.js",
            "meta": Object {
              "chunks": Array [
                0,
              ],
              "request": "F:\\\\project\\\\webpackModuleGraphPlugin\\\\example\\\\simple\\\\b.js",
              "type": "NormalModule",
            },
            "parentNode": null,
            "repeatNodes": Array [],
          },
          Object {
            "children": Array [
              Object {
                "children": Array [],
                "collapsed": false,
                "id": "N5",
                "label": "c.js",
                "meta": Object {
                  "chunks": Array [
                    1,
                  ],
                  "request": "F:\\\\project\\\\webpackModuleGraphPlugin\\\\example\\\\simple\\\\c.js",
                  "type": "NormalModule",
                },
                "parentNode": null,
                "repeatNodes": Array [],
              },
            ],
            "collapsed": false,
            "id": "N4",
            "label": "c",
            "meta": Object {
              "chunks": Array [
                1,
              ],
              "request": "./c",
              "type": "ImportDependenciesBlock",
            },
            "parentNode": null,
            "repeatNodes": Array [],
          },
        ],
        "collapsed": false,
        "id": "N1",
        "label": "index.js",
        "meta": Object {
          "chunks": Array [
            0,
          ],
          "depList": Array [
            Object {
              "request": "F:\\\\project\\\\webpackModuleGraphPlugin\\\\example\\\\simple\\\\b.js",
              "type": "external",
            },
            Object {
              "request": "F:\\\\project\\\\webpackModuleGraphPlugin\\\\example\\\\simple\\\\a.js",
              "type": "concatenated",
            },
            Object {
              "request": "F:\\\\project\\\\webpackModuleGraphPlugin\\\\example\\\\simple\\\\index.js",
              "type": "concatenated",
            },
          ],
          "request": "F:\\\\project\\\\webpackModuleGraphPlugin\\\\example\\\\simple\\\\index.js",
          "type": "ConcatenatedModule",
        },
        "parentNode": null,
        "repeatNodes": Array [],
      },
    ],
    "collapsed": false,
    "id": "N0",
    "label": "root",
    "meta": Object {
      "type": "root",
    },
  },
  "originGraphNodeData": Object {
    "edges": Array [
      Object {
        "source": "N0",
        "target": "N1",
      },
      Object {
        "source": "N1",
        "target": "N2",
      },
      Object {
        "source": "N2",
        "target": "N3",
      },
      Object {
        "source": "N1",
        "target": "N4",
      },
      Object {
        "source": "N4",
        "target": "N5",
      },
      Object {
        "source": "N5",
        "target": "N3",
      },
      Object {
        "source": "N5",
        "target": "N7",
      },
      Object {
        "source": "N7",
        "target": "N2",
      },
    ],
    "nodes": Array [
      Object {
        "id": "N0",
        "label": "root",
        "meta": Object {
          "type": "root",
        },
      },
      Object {
        "id": "N1",
        "label": "index.js",
        "meta": Object {
          "chunks": Array [
            0,
          ],
          "depList": Array [
            Object {
              "request": "F:\\\\project\\\\webpackModuleGraphPlugin\\\\example\\\\simple\\\\b.js",
              "type": "external",
            },
            Object {
              "request": "F:\\\\project\\\\webpackModuleGraphPlugin\\\\example\\\\simple\\\\a.js",
              "type": "concatenated",
            },
            Object {
              "request": "F:\\\\project\\\\webpackModuleGraphPlugin\\\\example\\\\simple\\\\index.js",
              "type": "concatenated",
            },
          ],
          "request": "F:\\\\project\\\\webpackModuleGraphPlugin\\\\example\\\\simple\\\\index.js",
          "type": "ConcatenatedModule",
        },
      },
      Object {
        "id": "N2",
        "label": "b.js",
        "meta": Object {
          "chunks": Array [
            0,
          ],
          "request": "F:\\\\project\\\\webpackModuleGraphPlugin\\\\example\\\\simple\\\\b.js",
          "type": "NormalModule",
        },
      },
      Object {
        "id": "N3",
        "label": "d.js",
        "meta": Object {
          "chunks": Array [
            0,
          ],
          "request": "F:\\\\project\\\\webpackModuleGraphPlugin\\\\example\\\\simple\\\\d.js",
          "type": "NormalModule",
        },
      },
      Object {
        "id": "N4",
        "label": "c",
        "meta": Object {
          "chunks": Array [
            1,
          ],
          "request": "./c",
          "type": "ImportDependenciesBlock",
        },
      },
      Object {
        "id": "N5",
        "label": "c.js",
        "meta": Object {
          "chunks": Array [
            1,
          ],
          "request": "F:\\\\project\\\\webpackModuleGraphPlugin\\\\example\\\\simple\\\\c.js",
          "type": "NormalModule",
        },
      },
      Object {
        "id": "N7",
        "label": "b",
        "meta": Object {
          "chunks": undefined,
          "request": "./b",
          "type": "ImportDependenciesBlock",
        },
      },
    ],
  },
  "originTreeNodeData": Object {
    "children": Array [
      Object {
        "children": Array [
          Object {
            "children": Array [
              Object {
                "children": Array [],
                "collapsed": false,
                "id": "N3",
                "label": "d.js",
                "meta": Object {
                  "chunks": Array [
                    0,
                  ],
                  "request": "F:\\\\project\\\\webpackModuleGraphPlugin\\\\example\\\\simple\\\\d.js",
                  "type": "NormalModule",
                },
                "parentNode": null,
                "repeatNodes": Array [
                  "N6",
                ],
              },
            ],
            "collapsed": false,
            "id": "N2",
            "label": "b.js",
            "meta": Object {
              "chunks": Array [
                0,
              ],
              "request": "F:\\\\project\\\\webpackModuleGraphPlugin\\\\example\\\\simple\\\\b.js",
              "type": "NormalModule",
            },
            "parentNode": null,
            "repeatNodes": Array [
              "N8",
            ],
          },
          Object {
            "children": Array [
              Object {
                "children": Array [
                  Object {
                    "children": Array [],
                    "collapsed": false,
                    "id": "N6",
                    "label": "d.js",
                    "meta": Object {
                      "chunks": Array [
                        0,
                      ],
                      "request": "F:\\\\project\\\\webpackModuleGraphPlugin\\\\example\\\\simple\\\\d.js",
                      "type": "NormalModule",
                    },
                    "parentNode": "N3",
                    "repeatNodes": Array [],
                  },
                  Object {
                    "children": Array [
                      Object {
                        "children": Array [],
                        "collapsed": false,
                        "id": "N8",
                        "label": "b.js",
                        "meta": Object {
                          "chunks": Array [
                            0,
                          ],
                          "request": "F:\\\\project\\\\webpackModuleGraphPlugin\\\\example\\\\simple\\\\b.js",
                          "type": "NormalModule",
                        },
                        "parentNode": "N2",
                        "repeatNodes": Array [],
                      },
                    ],
                    "collapsed": false,
                    "id": "N7",
                    "label": "b",
                    "meta": Object {
                      "chunks": undefined,
                      "request": "./b",
                      "type": "ImportDependenciesBlock",
                    },
                    "parentNode": null,
                    "repeatNodes": Array [],
                  },
                ],
                "collapsed": false,
                "id": "N5",
                "label": "c.js",
                "meta": Object {
                  "chunks": Array [
                    1,
                  ],
                  "request": "F:\\\\project\\\\webpackModuleGraphPlugin\\\\example\\\\simple\\\\c.js",
                  "type": "NormalModule",
                },
                "parentNode": null,
                "repeatNodes": Array [],
              },
            ],
            "collapsed": false,
            "id": "N4",
            "label": "c",
            "meta": Object {
              "chunks": Array [
                1,
              ],
              "request": "./c",
              "type": "ImportDependenciesBlock",
            },
            "parentNode": null,
            "repeatNodes": Array [],
          },
        ],
        "collapsed": false,
        "id": "N1",
        "label": "index.js",
        "meta": Object {
          "chunks": Array [
            0,
          ],
          "depList": Array [
            Object {
              "request": "F:\\\\project\\\\webpackModuleGraphPlugin\\\\example\\\\simple\\\\b.js",
              "type": "external",
            },
            Object {
              "request": "F:\\\\project\\\\webpackModuleGraphPlugin\\\\example\\\\simple\\\\a.js",
              "type": "concatenated",
            },
            Object {
              "request": "F:\\\\project\\\\webpackModuleGraphPlugin\\\\example\\\\simple\\\\index.js",
              "type": "concatenated",
            },
          ],
          "request": "F:\\\\project\\\\webpackModuleGraphPlugin\\\\example\\\\simple\\\\index.js",
          "type": "ConcatenatedModule",
        },
        "parentNode": null,
        "repeatNodes": Array [],
      },
    ],
    "collapsed": false,
    "id": "N0",
    "label": "root",
    "meta": Object {
      "type": "root",
    },
  },
  "performanceData": Object {
    "chunkIds": Array [
      0,
      1,
    ],
    "chunkNums": 2,
    "entriesNums": 1,
    "moduleNums": 4,
  },
}
`;
